{"asctime": "2026-01-06 08:54:26,579", "levelname": "INFO", "service": null, "trace_id": null, "order_id": null, "event_type": null, "message": "Shutting down Fraud Payment Service..."}
{"asctime": "2026-01-06 08:54:26,843", "levelname": "INFO", "service": null, "trace_id": null, "order_id": null, "event_type": null, "message": "Kafka producer stopped"}
{"asctime": "2026-01-06 08:54:33,954", "levelname": "INFO", "service": null, "trace_id": null, "order_id": null, "event_type": null, "message": "Starting Fraud Payment Service..."}
{"asctime": "2026-01-06 08:54:34,131", "levelname": "INFO", "service": null, "trace_id": null, "order_id": null, "event_type": null, "message": "Kafka consumer started"}
{"asctime": "2026-01-06 09:19:57,341", "levelname": "INFO", "service": null, "trace_id": null, "order_id": null, "event_type": null, "message": "Shutting down Fraud Payment Service..."}
{"asctime": "2026-01-06 09:19:57,441", "levelname": "INFO", "service": null, "trace_id": null, "order_id": null, "event_type": null, "message": "Kafka producer stopped"}
{"asctime": "2026-01-06 09:20:02,495", "levelname": "INFO", "service": null, "trace_id": null, "order_id": null, "event_type": null, "message": "Starting Fraud Payment Service..."}
{"asctime": "2026-01-06 09:20:02,551", "levelname": "INFO", "service": null, "trace_id": null, "order_id": null, "event_type": null, "message": "Kafka consumer started"}
{"asctime": "2026-01-06 09:28:07,056", "levelname": "INFO", "service": "fraud-payment-service", "trace_id": "bd1abfe6-6309-4361-abe5-aa62af011b57", "order_id": "cbc144dd-d660-408f-9fab-7ea95b7a62b3", "event_type": "OrderCreated", "message": "Processing OrderCreated: cbc144dd-d660-408f-9fab-7ea95b7a62b3"}
{"asctime": "2026-01-06 09:28:07,070", "levelname": "INFO", "service": null, "trace_id": null, "order_id": null, "event_type": null, "message": "Fraud check duration: 0.011592250026296824 seconds"}
{"asctime": "2026-01-06 09:28:07,090", "levelname": "INFO", "service": "fraud-payment-service", "trace_id": "bd1abfe6-6309-4361-abe5-aa62af011b57", "order_id": "cbc144dd-d660-408f-9fab-7ea95b7a62b3", "event_type": "OrderApproved", "message": "Event published"}
{"asctime": "2026-01-06 09:28:07,949", "levelname": "INFO", "service": "fraud-payment-service", "trace_id": "bd1abfe6-6309-4361-abe5-aa62af011b57", "order_id": "cbc144dd-d660-408f-9fab-7ea95b7a62b3", "event_type": "PaymentFailed", "message": "Event published"}
{"asctime": "2026-01-06 09:33:27,605", "levelname": "INFO", "service": "fraud-payment-service", "trace_id": "fa233498-0f02-4897-85b8-d356fa011b54", "order_id": "3dec95f9-37c2-40cc-ba0b-75df75558c80", "event_type": "OrderCreated", "message": "Processing OrderCreated: 3dec95f9-37c2-40cc-ba0b-75df75558c80"}
{"asctime": "2026-01-06 09:33:27,616", "levelname": "INFO", "service": null, "trace_id": null, "order_id": null, "event_type": null, "message": "Fraud check duration: 0.006836208020104095 seconds"}
{"asctime": "2026-01-06 09:33:27,622", "levelname": "INFO", "service": "fraud-payment-service", "trace_id": "fa233498-0f02-4897-85b8-d356fa011b54", "order_id": "3dec95f9-37c2-40cc-ba0b-75df75558c80", "event_type": "OrderApproved", "message": "Event published"}
{"asctime": "2026-01-06 09:33:28,953", "levelname": "INFO", "service": "fraud-payment-service", "trace_id": "fa233498-0f02-4897-85b8-d356fa011b54", "order_id": "3dec95f9-37c2-40cc-ba0b-75df75558c80", "event_type": "PaymentSucceeded", "message": "Event published"}
{"asctime": "2026-01-06 09:43:08,948", "levelname": "INFO", "service": null, "trace_id": null, "order_id": null, "event_type": null, "message": "Shutting down Fraud Payment Service..."}
{"asctime": "2026-01-06 09:43:09,149", "levelname": "INFO", "service": null, "trace_id": null, "order_id": null, "event_type": null, "message": "Kafka producer stopped"}
{"asctime": "2026-01-06 09:43:13,816", "levelname": "INFO", "service": null, "trace_id": null, "order_id": null, "event_type": null, "message": "Starting Fraud Payment Service..."}
{"asctime": "2026-01-06 09:43:13,890", "levelname": "INFO", "service": null, "trace_id": null, "order_id": null, "event_type": null, "message": "Kafka consumer started"}
{"asctime": "2026-01-06 09:44:03,246", "levelname": "INFO", "service": "fraud-payment-service", "trace_id": "830ed40a-c1b2-44ac-a852-c290f081dbe3", "order_id": "6dab8071-5026-4b90-89fb-54fdd6c63ed2", "event_type": "OrderCreated", "message": "Processing OrderCreated: 6dab8071-5026-4b90-89fb-54fdd6c63ed2"}
{"asctime": "2026-01-06 09:44:03,258", "levelname": "INFO", "service": null, "trace_id": null, "order_id": null, "event_type": null, "message": "Fraud check duration: 0.009846041997661814 seconds"}
{"asctime": "2026-01-06 09:44:03,278", "levelname": "INFO", "service": "fraud-payment-service", "trace_id": "830ed40a-c1b2-44ac-a852-c290f081dbe3", "order_id": "6dab8071-5026-4b90-89fb-54fdd6c63ed2", "event_type": "OrderApproved", "message": "Event published"}
{"asctime": "2026-01-06 09:44:03,876", "levelname": "INFO", "service": "fraud-payment-service", "trace_id": "830ed40a-c1b2-44ac-a852-c290f081dbe3", "order_id": "6dab8071-5026-4b90-89fb-54fdd6c63ed2", "event_type": "PaymentSucceeded", "message": "Event published"}
{"asctime": "2026-01-06 09:47:46,229", "levelname": "INFO", "service": null, "trace_id": null, "order_id": null, "event_type": null, "message": "Shutting down Fraud Payment Service..."}
{"asctime": "2026-01-06 09:47:46,457", "levelname": "INFO", "service": null, "trace_id": null, "order_id": null, "event_type": null, "message": "Kafka producer stopped"}
{"asctime": "2026-01-06 09:47:53,797", "levelname": "INFO", "service": null, "trace_id": null, "order_id": null, "event_type": null, "message": "Starting Fraud Payment Service..."}
{"asctime": "2026-01-06 09:47:53,915", "levelname": "INFO", "service": null, "trace_id": null, "order_id": null, "event_type": null, "message": "Kafka consumer started"}
{"asctime": "2026-01-06 09:51:52,852", "levelname": "INFO", "service": null, "trace_id": null, "order_id": null, "event_type": null, "message": "Shutting down Fraud Payment Service..."}
{"asctime": "2026-01-06 09:51:52,906", "levelname": "INFO", "service": null, "trace_id": null, "order_id": null, "event_type": null, "message": "Kafka producer stopped"}
{"asctime": "2026-01-06 09:51:59,169", "levelname": "INFO", "service": null, "trace_id": null, "order_id": null, "event_type": null, "message": "Starting Fraud Payment Service..."}
{"asctime": "2026-01-06 09:51:59,247", "levelname": "INFO", "service": null, "trace_id": null, "order_id": null, "event_type": null, "message": "Kafka consumer started"}
{"asctime": "2026-01-06 09:52:42,851", "levelname": "INFO", "service": "fraud-payment-service", "trace_id": "c4c98c45-52f7-452a-ac81-12acccfdfffc", "order_id": "bde3b9eb-250a-4181-a087-c404429b5c80", "event_type": "OrderCreated", "message": "Processing OrderCreated: bde3b9eb-250a-4181-a087-c404429b5c80"}
{"asctime": "2026-01-06 09:52:42,864", "levelname": "INFO", "service": null, "trace_id": null, "order_id": null, "event_type": null, "message": "Fraud check duration: 0.011132542014820501 seconds"}
{"asctime": "2026-01-06 09:52:42,886", "levelname": "INFO", "service": "fraud-payment-service", "trace_id": "c4c98c45-52f7-452a-ac81-12acccfdfffc", "order_id": "bde3b9eb-250a-4181-a087-c404429b5c80", "event_type": "OrderApproved", "message": "Event published"}
{"asctime": "2026-01-06 09:52:43,853", "levelname": "INFO", "service": "fraud-payment-service", "trace_id": "c4c98c45-52f7-452a-ac81-12acccfdfffc", "order_id": "bde3b9eb-250a-4181-a087-c404429b5c80", "event_type": "PaymentSucceeded", "message": "Event published"}
{"asctime": "2026-01-06 09:52:43,938", "levelname": "INFO", "service": "fraud-payment-service", "trace_id": null, "order_id": "bde3b9eb-250a-4181-a087-c404429b5c80", "event_type": null, "message": "Processing RefundRequested: bde3b9eb-250a-4181-a087-c404429b5c80"}
{"asctime": "2026-01-06 09:52:44,442", "levelname": "INFO", "service": "fraud-payment-service", "trace_id": null, "order_id": "bde3b9eb-250a-4181-a087-c404429b5c80", "event_type": "RefundSucceeded", "message": "Event published"}
