{"asctime": "2026-01-06 08:54:26,626", "levelname": "INFO", "service": null, "trace_id": null, "order_id": null, "event_type": null, "message": "Shutting down Order Service..."}
{"asctime": "2026-01-06 08:54:26,847", "levelname": "INFO", "service": null, "trace_id": null, "order_id": null, "event_type": null, "message": "Kafka producer stopped"}
{"asctime": "2026-01-06 08:54:33,964", "levelname": "INFO", "service": null, "trace_id": null, "order_id": null, "event_type": null, "message": "Starting Order Service..."}
{"asctime": "2026-01-06 08:54:34,139", "levelname": "INFO", "service": null, "trace_id": null, "order_id": null, "event_type": null, "message": "Kafka consumer started"}
{"asctime": "2026-01-06 09:19:57,420", "levelname": "INFO", "service": null, "trace_id": null, "order_id": null, "event_type": null, "message": "Shutting down Order Service..."}
{"asctime": "2026-01-06 09:20:02,490", "levelname": "INFO", "service": null, "trace_id": null, "order_id": null, "event_type": null, "message": "Starting Order Service..."}
{"asctime": "2026-01-06 09:20:02,553", "levelname": "INFO", "service": null, "trace_id": null, "order_id": null, "event_type": null, "message": "Kafka consumer started"}
{"asctime": "2026-01-06 09:28:06,489", "levelname": "INFO", "service": "order-service", "trace_id": "bd1abfe6-6309-4361-abe5-aa62af011b57", "order_id": null, "event_type": "OrderCreated", "message": "Start create_order request"}
{"asctime": "2026-01-06 09:28:06,568", "levelname": "INFO", "service": "order-service", "trace_id": "bd1abfe6-6309-4361-abe5-aa62af011b57", "order_id": "cbc144dd-d660-408f-9fab-7ea95b7a62b3", "event_type": "OrderCreated", "message": "Event published"}
{"asctime": "2026-01-06 09:33:27,493", "levelname": "INFO", "service": "order-service", "trace_id": "fa233498-0f02-4897-85b8-d356fa011b54", "order_id": null, "event_type": "OrderCreated", "message": "Start create_order request"}
{"asctime": "2026-01-06 09:33:27,517", "levelname": "INFO", "service": "order-service", "trace_id": "fa233498-0f02-4897-85b8-d356fa011b54", "order_id": "3dec95f9-37c2-40cc-ba0b-75df75558c80", "event_type": "OrderCreated", "message": "Event published"}
{"asctime": "2026-01-06 09:43:08,894", "levelname": "INFO", "service": null, "trace_id": null, "order_id": null, "event_type": null, "message": "Shutting down Order Service..."}
{"asctime": "2026-01-06 09:43:13,827", "levelname": "INFO", "service": null, "trace_id": null, "order_id": null, "event_type": null, "message": "Starting Order Service..."}
{"asctime": "2026-01-06 09:43:13,890", "levelname": "INFO", "service": null, "trace_id": null, "order_id": null, "event_type": null, "message": "Kafka consumer started"}
{"asctime": "2026-01-06 09:44:03,131", "levelname": "INFO", "service": "order-service", "trace_id": "830ed40a-c1b2-44ac-a852-c290f081dbe3", "order_id": null, "event_type": "OrderCreated", "message": "Start create_order request"}
{"asctime": "2026-01-06 09:44:03,164", "levelname": "INFO", "service": "order-service", "trace_id": "830ed40a-c1b2-44ac-a852-c290f081dbe3", "order_id": "6dab8071-5026-4b90-89fb-54fdd6c63ed2", "event_type": "OrderCreated", "message": "Event published"}
{"asctime": "2026-01-06 09:47:46,183", "levelname": "INFO", "service": null, "trace_id": null, "order_id": null, "event_type": null, "message": "Shutting down Order Service..."}
{"asctime": "2026-01-06 09:47:53,811", "levelname": "INFO", "service": null, "trace_id": null, "order_id": null, "event_type": null, "message": "Starting Order Service..."}
{"asctime": "2026-01-06 09:47:53,913", "levelname": "INFO", "service": null, "trace_id": null, "order_id": null, "event_type": null, "message": "Kafka consumer started"}
{"asctime": "2026-01-06 09:47:57,160", "levelname": "INFO", "service": "order-service", "trace_id": "bd1abfe6-6309-4361-abe5-aa62af011b57", "order_id": "cbc144dd-d660-408f-9fab-7ea95b7a62b3", "event_type": "OrderApproved", "message": "Order cbc144dd-d660-408f-9fab-7ea95b7a62b3 status changed from OrderStatus.CREATED to OrderStatus.APPROVED"}
{"asctime": "2026-01-06 09:47:57,169", "levelname": "INFO", "service": "order-service", "trace_id": "bd1abfe6-6309-4361-abe5-aa62af011b57", "order_id": "cbc144dd-d660-408f-9fab-7ea95b7a62b3", "event_type": "PaymentFailed", "message": "Order cbc144dd-d660-408f-9fab-7ea95b7a62b3 status changed from OrderStatus.APPROVED to OrderStatus.CANCELED"}
{"asctime": "2026-01-06 09:47:57,170", "levelname": "INFO", "service": null, "trace_id": null, "order_id": null, "event_type": null, "message": "Order processing duration: 1190.646321 seconds"}
{"asctime": "2026-01-06 09:47:57,180", "levelname": "INFO", "service": "order-service", "trace_id": "fa233498-0f02-4897-85b8-d356fa011b54", "order_id": "3dec95f9-37c2-40cc-ba0b-75df75558c80", "event_type": "OrderApproved", "message": "Order 3dec95f9-37c2-40cc-ba0b-75df75558c80 status changed from OrderStatus.CREATED to OrderStatus.APPROVED"}
{"asctime": "2026-01-06 09:47:57,183", "levelname": "INFO", "service": "order-service", "trace_id": "fa233498-0f02-4897-85b8-d356fa011b54", "order_id": "3dec95f9-37c2-40cc-ba0b-75df75558c80", "event_type": "PaymentSucceeded", "message": "Order 3dec95f9-37c2-40cc-ba0b-75df75558c80 status changed from OrderStatus.APPROVED to OrderStatus.PAID"}
{"asctime": "2026-01-06 09:47:57,188", "levelname": "INFO", "service": "order-service", "trace_id": null, "order_id": "3dec95f9-37c2-40cc-ba0b-75df75558c80", "event_type": "StockReservationFailed", "message": "Order 3dec95f9-37c2-40cc-ba0b-75df75558c80 status changed from OrderStatus.PAID to OrderStatus.CANCELED"}
{"asctime": "2026-01-06 09:47:57,189", "levelname": "INFO", "service": null, "trace_id": null, "order_id": null, "event_type": null, "message": "Order processing duration: 869.678252 seconds"}
{"asctime": "2026-01-06 09:47:57,190", "levelname": "ERROR", "service": "order-service", "trace_id": null, "order_id": "3dec95f9-37c2-40cc-ba0b-75df75558c80", "event_type": "StockReservationFailed", "message": "Error handling event: 'Order' object has no attribute 'reason'"}
{"asctime": "2026-01-06 09:47:57,195", "levelname": "INFO", "service": "order-service", "trace_id": "830ed40a-c1b2-44ac-a852-c290f081dbe3", "order_id": "6dab8071-5026-4b90-89fb-54fdd6c63ed2", "event_type": "OrderApproved", "message": "Order 6dab8071-5026-4b90-89fb-54fdd6c63ed2 status changed from OrderStatus.CREATED to OrderStatus.APPROVED"}
{"asctime": "2026-01-06 09:47:57,198", "levelname": "INFO", "service": "order-service", "trace_id": "830ed40a-c1b2-44ac-a852-c290f081dbe3", "order_id": "6dab8071-5026-4b90-89fb-54fdd6c63ed2", "event_type": "PaymentSucceeded", "message": "Order 6dab8071-5026-4b90-89fb-54fdd6c63ed2 status changed from OrderStatus.APPROVED to OrderStatus.PAID"}
{"asctime": "2026-01-06 09:47:57,201", "levelname": "INFO", "service": "order-service", "trace_id": null, "order_id": "6dab8071-5026-4b90-89fb-54fdd6c63ed2", "event_type": "StockReservationFailed", "message": "Order 6dab8071-5026-4b90-89fb-54fdd6c63ed2 status changed from OrderStatus.PAID to OrderStatus.CANCELED"}
{"asctime": "2026-01-06 09:47:57,201", "levelname": "INFO", "service": null, "trace_id": null, "order_id": null, "event_type": null, "message": "Order processing duration: 234.062127 seconds"}
{"asctime": "2026-01-06 09:47:57,202", "levelname": "ERROR", "service": "order-service", "trace_id": null, "order_id": "6dab8071-5026-4b90-89fb-54fdd6c63ed2", "event_type": "StockReservationFailed", "message": "Error handling event: 'Order' object has no attribute 'reason'"}
{"asctime": "2026-01-06 09:51:52,809", "levelname": "INFO", "service": null, "trace_id": null, "order_id": null, "event_type": null, "message": "Shutting down Order Service..."}
{"asctime": "2026-01-06 09:51:52,903", "levelname": "INFO", "service": null, "trace_id": null, "order_id": null, "event_type": null, "message": "Kafka producer stopped"}
{"asctime": "2026-01-06 09:51:59,186", "levelname": "INFO", "service": null, "trace_id": null, "order_id": null, "event_type": null, "message": "Starting Order Service..."}
{"asctime": "2026-01-06 09:51:59,246", "levelname": "INFO", "service": null, "trace_id": null, "order_id": null, "event_type": null, "message": "Kafka consumer started"}
{"asctime": "2026-01-06 09:52:42,714", "levelname": "INFO", "service": "order-service", "trace_id": "c4c98c45-52f7-452a-ac81-12acccfdfffc", "order_id": null, "event_type": "OrderCreated", "message": "Start create_order request"}
{"asctime": "2026-01-06 09:52:42,761", "levelname": "INFO", "service": "order-service", "trace_id": "c4c98c45-52f7-452a-ac81-12acccfdfffc", "order_id": "bde3b9eb-250a-4181-a087-c404429b5c80", "event_type": "OrderCreated", "message": "Event published"}
{"asctime": "2026-01-06 09:52:42,891", "levelname": "INFO", "service": "order-service", "trace_id": "c4c98c45-52f7-452a-ac81-12acccfdfffc", "order_id": "bde3b9eb-250a-4181-a087-c404429b5c80", "event_type": "OrderApproved", "message": "Order bde3b9eb-250a-4181-a087-c404429b5c80 status changed from OrderStatus.CREATED to OrderStatus.APPROVED"}
{"asctime": "2026-01-06 09:52:43,891", "levelname": "INFO", "service": "order-service", "trace_id": "c4c98c45-52f7-452a-ac81-12acccfdfffc", "order_id": "bde3b9eb-250a-4181-a087-c404429b5c80", "event_type": "PaymentSucceeded", "message": "Order bde3b9eb-250a-4181-a087-c404429b5c80 status changed from OrderStatus.APPROVED to OrderStatus.PAID"}
{"asctime": "2026-01-06 09:52:43,913", "levelname": "INFO", "service": "order-service", "trace_id": null, "order_id": "bde3b9eb-250a-4181-a087-c404429b5c80", "event_type": "StockReservationFailed", "message": "Order bde3b9eb-250a-4181-a087-c404429b5c80 status changed from OrderStatus.PAID to OrderStatus.CANCELED"}
{"asctime": "2026-01-06 09:52:43,914", "levelname": "INFO", "service": null, "trace_id": null, "order_id": null, "event_type": null, "message": "Order processing duration: 1.187449 seconds"}
{"asctime": "2026-01-06 09:52:43,916", "levelname": "INFO", "service": "order-service", "trace_id": null, "order_id": "bde3b9eb-250a-4181-a087-c404429b5c80", "event_type": "RefundRequested", "message": "Event published"}
{"asctime": "2026-01-06 09:52:43,918", "levelname": "INFO", "service": "order-service", "trace_id": null, "order_id": "bde3b9eb-250a-4181-a087-c404429b5c80", "event_type": "StockReservationFailed", "message": "RefundRequested for order bde3b9eb-250a-4181-a087-c404429b5c80"}
{"asctime": "2026-01-06 09:52:44,451", "levelname": "INFO", "service": "order-service", "trace_id": null, "order_id": "bde3b9eb-250a-4181-a087-c404429b5c80", "event_type": "RefundSucceeded", "message": "Order bde3b9eb-250a-4181-a087-c404429b5c80 status changed from OrderStatus.CANCELED to OrderStatus.REFUNDED"}
{"asctime": "2026-01-06 09:52:44,452", "levelname": "INFO", "service": null, "trace_id": null, "order_id": null, "event_type": null, "message": "Order processing duration: 1.725761 seconds"}
